I'm sorry, but errors were detected in your script. Please correct the
errors listed below, and try again.


File "game/cards.rpy", line 67: Indentation mismatch.

Ren'Py Version: Ren'Py 8.2.3.24061702
Sat Sep  7 16:55:00 2024
